04/10/2025 03:48:41 PM base_class.py INFO: task_handler initialized successfully!
04/10/2025 03:48:41 PM base_class.py INFO: Connected to broker!
04/10/2025 03:48:51 PM base_class.py INFO: Received message: [{'method': 'general', 'query': "What's the weather like on 2025-04-07?", 'topic': 'general', 'module_name': 'preprocessing'}]
04/10/2025 03:48:51 PM task_handler.py INFO: Processing 1 tasks
04/10/2025 03:48:51 PM base_class.py INFO: Published result to topic 'task_handler/general_questions': {'method': 'general', 'query': "What's the weather like on 2025-04-07?", 'topic': 'general', 'module_name': 'task_handler'}
04/10/2025 03:48:51 PM base_class.py INFO: Execution time for task_handler: 0.00020623207092285156 seconds
04/10/2025 03:48:55 PM base_class.py INFO: Received message: {'query': "What's the weather like on 2025-04-07?", 'answer': "On April 7, 2025, the United States will experience overcast weather with moderate rain and temperatures around 35F. The chance of rain is high, and there's a possibility of moderate snow. The sun will rise at 06:28 and set at 19:27.", 'topic': 'general', 'time': 3.57, 'module_name': 'general_questions'}
04/10/2025 03:48:55 PM task_handler.py INFO: Processing single task
04/10/2025 03:48:55 PM base_class.py INFO: Published result to topic 'server/main': {'method': 'task_handler', 'results': {'query': "What's the weather like on 2025-04-07?", 'answer': "On April 7, 2025, the United States will experience overcast weather with moderate rain and temperatures around 35F. The chance of rain is high, and there's a possibility of moderate snow. The sun will rise at 06:28 and set at 19:27.", 'topic': 'general', 'time': 3.57, 'module_name': 'general_questions'}, 'module_name': 'task_handler'}
04/10/2025 03:48:55 PM base_class.py INFO: Execution time for task_handler: 0.000209808349609375 seconds
04/10/2025 03:56:17 PM base_class.py INFO: task_handler initialized successfully!
04/10/2025 03:56:17 PM base_class.py INFO: Connected to broker!
04/10/2025 03:56:24 PM base_class.py INFO: Received message: [{'method': 'general', 'query': "What's the weather like on 2025-04-07?", 'topic': 'general', 'module_name': 'preprocessing'}]
04/10/2025 03:56:24 PM task_handler.py INFO: Processing 1 tasks
04/10/2025 03:56:24 PM base_class.py INFO: Published result to topic 'task_handler/general_questions': {'method': 'general', 'query': "What's the weather like on 2025-04-07?", 'topic': 'general', 'module_name': 'task_handler'}
04/10/2025 03:56:24 PM base_class.py INFO: Execution time for task_handler: 0.00021910667419433594 seconds
04/10/2025 03:56:27 PM base_class.py INFO: Received message: {'query': "What's the weather like on 2025-04-07?", 'answer': "On April 7, 2025, the United States will experience overcast weather with moderate rain and temperatures around 35F. The chance of rain is high, and there's a possibility of moderate snow. The sun will rise at 06:28 and set at 19:27.", 'topic': 'general', 'time': 2.97, 'module_name': 'general_questions'}
04/10/2025 03:56:27 PM task_handler.py INFO: Processing single task
04/10/2025 03:56:27 PM base_class.py INFO: Published result to topic 'server/main': {'results': {'query': "What's the weather like on 2025-04-07?", 'answer': "On April 7, 2025, the United States will experience overcast weather with moderate rain and temperatures around 35F. The chance of rain is high, and there's a possibility of moderate snow. The sun will rise at 06:28 and set at 19:27.", 'topic': 'general', 'time': 2.97, 'module_name': 'general_questions'}, 'module_name': 'task_handler'}
04/10/2025 03:56:27 PM base_class.py INFO: Execution time for task_handler: 0.00016951560974121094 seconds
04/10/2025 04:46:54 PM base_class.py INFO: task_handler initialized successfully!
04/10/2025 04:46:54 PM base_class.py INFO: Connected to broker!
04/10/2025 04:47:03 PM base_class.py INFO: Received message: [{'method': 'learning_resources', 'topic': 'Deep Learning', 'specific_resources': ['Courses', 'Books'], 'module_name': 'preprocessing'}]
04/10/2025 04:47:03 PM task_handler.py INFO: Processing 1 tasks
04/10/2025 04:47:03 PM base_class.py INFO: Published result to topic 'task_handler/learning_resources': {'method': 'learning_resources', 'topic': 'Deep Learning', 'specific_resources': ['Courses', 'Books'], 'module_name': 'task_handler'}
04/10/2025 04:47:03 PM base_class.py INFO: Execution time for task_handler: 0.0002262592315673828 seconds
04/10/2025 04:47:24 PM base_class.py INFO: Received message: {'resources': [{'title': 'The Little Book of Deep Learning', 'url': 'https://fleuret.org/francois/lbdl.html', 'type': 'Book'}, {'title': 'Learn PyTorch for Deep Learning: Zero to Mastery', 'url': 'https://www.learnpytorch.io/', 'type': 'Course'}, {'title': 'Learning Deep Learning', 'url': 'https://www.nvidia.com/en-us/training/books/', 'type': 'Book'}, {'title': 'fast.ai - Practical Deep Learning for Coders', 'url': 'https://course.fast.ai/', 'type': 'Course'}, {'title': 'Deep Learning in Production Book', 'url': 'https://theaisummer.com/deep-learning-books-2022/', 'type': 'Book'}, {'title': 'Deep Learning', 'url': 'https://www.deeplearningbook.org/', 'type': 'Book'}, {'title': 'Deep Learning with Python by Franois Chollet', 'url': 'https://medium.com/data-science/from-linear-algebra-to-deep-learning-in-7-books-winter-2023-update-8df2b706a0b1', 'type': 'Book'}, {'title': 'A Great Collection of Deep Learning (e)Books', 'url': 'https://github.com/ahkarami/Great-Deep-Learning-Books', 'type': 'Book'}, {'title': 'Deep Learning Crash Course', 'url': 'https://nostarch.com/deep-learning-crash-course', 'type': 'Book'}, {'title': 'Deep Learning by Ian Goodfellow, Yoshua Bengio, and Aaron Courville', 'url': 'https://www.datacamp.com/blog/top-10-deep-learning-books-to-read-in-2022', 'type': 'Book'}, {'title': 'Dive into Deep Learning', 'url': 'https://d2l.ai/', 'type': 'Book'}], 'topic': 'Deep Learning', 'total_resources': 11, 'model_output': 'Successfully gathered learning resources for Deep Learning, including books and courses.  The resources cover various aspects of deep learning, from theoretical foundations to practical applications and implementations.', 'specific_resources': ['Courses', 'Books'], 'module_name': 'learning_resources'}
04/10/2025 04:47:24 PM task_handler.py INFO: Processing single task
04/10/2025 04:47:24 PM base_class.py INFO: Published result to topic 'server/main': {'results': {'resources': [{'title': 'The Little Book of Deep Learning', 'url': 'https://fleuret.org/francois/lbdl.html', 'type': 'Book'}, {'title': 'Learn PyTorch for Deep Learning: Zero to Mastery', 'url': 'https://www.learnpytorch.io/', 'type': 'Course'}, {'title': 'Learning Deep Learning', 'url': 'https://www.nvidia.com/en-us/training/books/', 'type': 'Book'}, {'title': 'fast.ai - Practical Deep Learning for Coders', 'url': 'https://course.fast.ai/', 'type': 'Course'}, {'title': 'Deep Learning in Production Book', 'url': 'https://theaisummer.com/deep-learning-books-2022/', 'type': 'Book'}, {'title': 'Deep Learning', 'url': 'https://www.deeplearningbook.org/', 'type': 'Book'}, {'title': 'Deep Learning with Python by Franois Chollet', 'url': 'https://medium.com/data-science/from-linear-algebra-to-deep-learning-in-7-books-winter-2023-update-8df2b706a0b1', 'type': 'Book'}, {'title': 'A Great Collection of Deep Learning (e)Books', 'url': 'https://github.com/ahkarami/Great-Deep-Learning-Books', 'type': 'Book'}, {'title': 'Deep Learning Crash Course', 'url': 'https://nostarch.com/deep-learning-crash-course', 'type': 'Book'}, {'title': 'Deep Learning by Ian Goodfellow, Yoshua Bengio, and Aaron Courville', 'url': 'https://www.datacamp.com/blog/top-10-deep-learning-books-to-read-in-2022', 'type': 'Book'}, {'title': 'Dive into Deep Learning', 'url': 'https://d2l.ai/', 'type': 'Book'}], 'topic': 'Deep Learning', 'total_resources': 11, 'model_output': 'Successfully gathered learning resources for Deep Learning, including books and courses.  The resources cover various aspects of deep learning, from theoretical foundations to practical applications and implementations.', 'specific_resources': ['Courses', 'Books'], 'module_name': 'learning_resources'}, 'module_name': 'task_handler'}
04/10/2025 04:47:24 PM base_class.py INFO: Execution time for task_handler: 0.00018668174743652344 seconds
04/10/2025 05:32:21 PM base_class.py INFO: task_handler initialized successfully!
04/10/2025 05:32:21 PM base_class.py INFO: Connected to broker!
04/10/2025 05:32:32 PM base_class.py INFO: Received message: [{'method': 'learning_resources', 'topic': 'Deep Learning', 'specific_resources': ['Courses', 'Books'], 'module_name': 'preprocessing'}]
04/10/2025 05:32:32 PM task_handler.py INFO: Processing 1 tasks
04/10/2025 05:32:32 PM base_class.py INFO: Published result to topic 'task_handler/learning_resources': {'method': 'learning_resources', 'topic': 'Deep Learning', 'specific_resources': ['Courses', 'Books'], 'module_name': 'task_handler'}
04/10/2025 05:32:32 PM base_class.py INFO: Execution time for task_handler: 0.0001990795135498047 seconds
04/10/2025 05:32:40 PM base_class.py INFO: Received message: {'resources': [{'title': 'Dive into Deep Learning', 'url': 'https://d2l.ai/', 'type': 'Book'}, {'title': 'Learn PyTorch for Deep Learning: Zero to Mastery', 'url': 'https://www.learnpytorch.io/', 'type': 'Course'}, {'title': 'Deep Learning in Production Book', 'url': 'https://theaisummer.com/deep-learning-books-2022/', 'type': 'Book'}, {'title': 'A Great Collection of Deep Learning (e)Books', 'url': 'https://github.com/ahkarami/Great-Deep-Learning-Books', 'type': 'Book'}, {'title': 'Deep Learning by Ian Goodfellow, Yoshua Bengio, and Aaron Courville', 'url': 'https://www.datacamp.com/blog/top-10-deep-learning-books-to-read-in-2022', 'type': 'Book'}, {'title': 'Learning Deep Learning', 'url': 'https://www.nvidia.com/en-us/training/books/', 'type': 'Book'}, {'title': 'Deep Learning', 'url': 'https://www.deeplearningbook.org/', 'type': 'Book'}, {'title': 'fast.ai - Practical Deep Learning for Coders', 'url': 'https://course.fast.ai/', 'type': 'Course'}, {'title': 'The Little Book of Deep Learning', 'url': 'https://fleuret.org/francois/lbdl.html', 'type': 'Book'}, {'title': 'Deep Learning with Python by Franois Chollet', 'url': 'https://medium.com/data-science/from-linear-algebra-to-deep-learning-in-7-books-winter-2023-update-8df2b706a0b1', 'type': 'Book'}, {'title': 'Deep Learning Crash Course', 'url': 'https://nostarch.com/deep-learning-crash-course', 'type': 'Book'}], 'topic': 'Deep Learning', 'total_resources': 11, 'model_output': 'Successfully gathered learning resources for Deep Learning, including books and courses.  The resources cover various aspects of deep learning, from theoretical foundations to practical applications and implementations.', 'specific_resources': ['Courses', 'Books'], 'module_name': 'learning_resources'}
04/10/2025 05:32:40 PM task_handler.py INFO: Processing single task
04/10/2025 05:32:40 PM base_class.py INFO: Published result to topic 'server/main': {'results': {'resources': [{'title': 'Dive into Deep Learning', 'url': 'https://d2l.ai/', 'type': 'Book'}, {'title': 'Learn PyTorch for Deep Learning: Zero to Mastery', 'url': 'https://www.learnpytorch.io/', 'type': 'Course'}, {'title': 'Deep Learning in Production Book', 'url': 'https://theaisummer.com/deep-learning-books-2022/', 'type': 'Book'}, {'title': 'A Great Collection of Deep Learning (e)Books', 'url': 'https://github.com/ahkarami/Great-Deep-Learning-Books', 'type': 'Book'}, {'title': 'Deep Learning by Ian Goodfellow, Yoshua Bengio, and Aaron Courville', 'url': 'https://www.datacamp.com/blog/top-10-deep-learning-books-to-read-in-2022', 'type': 'Book'}, {'title': 'Learning Deep Learning', 'url': 'https://www.nvidia.com/en-us/training/books/', 'type': 'Book'}, {'title': 'Deep Learning', 'url': 'https://www.deeplearningbook.org/', 'type': 'Book'}, {'title': 'fast.ai - Practical Deep Learning for Coders', 'url': 'https://course.fast.ai/', 'type': 'Course'}, {'title': 'The Little Book of Deep Learning', 'url': 'https://fleuret.org/francois/lbdl.html', 'type': 'Book'}, {'title': 'Deep Learning with Python by Franois Chollet', 'url': 'https://medium.com/data-science/from-linear-algebra-to-deep-learning-in-7-books-winter-2023-update-8df2b706a0b1', 'type': 'Book'}, {'title': 'Deep Learning Crash Course', 'url': 'https://nostarch.com/deep-learning-crash-course', 'type': 'Book'}], 'topic': 'Deep Learning', 'total_resources': 11, 'model_output': 'Successfully gathered learning resources for Deep Learning, including books and courses.  The resources cover various aspects of deep learning, from theoretical foundations to practical applications and implementations.', 'specific_resources': ['Courses', 'Books'], 'module_name': 'learning_resources'}, 'module_name': 'task_handler'}
04/10/2025 05:32:40 PM base_class.py INFO: Execution time for task_handler: 0.0003097057342529297 seconds
04/11/2025 08:27:22 AM base_class.py INFO: task_handler initialized successfully!
04/11/2025 08:27:22 AM base_class.py INFO: Connected to broker!
04/11/2025 08:28:11 AM base_class.py INFO: Received message: [{'method': 'smart_home', 'switch': ['switch_1'], 'status': ['on'], 'module_name': 'preprocessing'}]
04/11/2025 08:28:11 AM task_handler.py INFO: Processing 1 tasks
04/11/2025 08:28:11 AM base_class.py INFO: Published result to topic 'task_handler/smart_home': {'method': 'smart_home', 'switch': ['switch_1'], 'status': ['on'], 'module_name': 'task_handler'}
04/11/2025 08:28:11 AM base_class.py INFO: Execution time for task_handler: 0.00016498565673828125 seconds
04/11/2025 08:28:11 AM base_class.py INFO: Received message: {'results': [{'switch': 'switch_1', 'status': 'on', 'success': True}], 'module_name': 'smart_home'}
04/11/2025 08:28:11 AM task_handler.py INFO: Processing single task
04/11/2025 08:28:11 AM base_class.py INFO: Published result to topic 'main/main': {'results': {'results': [{'switch': 'switch_1', 'status': 'on', 'success': True}], 'module_name': 'smart_home'}, 'module_name': 'task_handler'}
04/11/2025 08:28:11 AM base_class.py INFO: Execution time for task_handler: 0.00016760826110839844 seconds
04/11/2025 08:30:14 AM base_class.py INFO: Received message: [{'method': 'general', 'query': "What's the weather like on 2025-04-07?", 'topic': 'general', 'module_name': 'preprocessing'}]
04/11/2025 08:30:14 AM task_handler.py INFO: Processing 1 tasks
04/11/2025 08:30:14 AM base_class.py INFO: Published result to topic 'task_handler/general_questions': {'method': 'general', 'query': "What's the weather like on 2025-04-07?", 'topic': 'general', 'module_name': 'task_handler'}
04/11/2025 08:30:14 AM base_class.py INFO: Execution time for task_handler: 0.00026798248291015625 seconds
04/11/2025 08:30:17 AM base_class.py INFO: Received message: {'query': "What's the weather like on 2025-04-07?", 'answer': 'On April 7, 2025, the United States will have overcast weather with moderate rain and temperatures around 35F. In Los Angeles, it will be mild with highs near 77F. In Augusta, Georgia, expect mostly sunny and breezy conditions.', 'topic': 'general', 'module_name': 'general_questions'}
04/11/2025 08:30:17 AM task_handler.py INFO: Processing single task
04/11/2025 08:30:17 AM base_class.py INFO: Published result to topic 'main/main': {'results': {'query': "What's the weather like on 2025-04-07?", 'answer': 'On April 7, 2025, the United States will have overcast weather with moderate rain and temperatures around 35F. In Los Angeles, it will be mild with highs near 77F. In Augusta, Georgia, expect mostly sunny and breezy conditions.', 'topic': 'general', 'module_name': 'general_questions'}, 'module_name': 'task_handler'}
04/11/2025 08:30:17 AM base_class.py INFO: Execution time for task_handler: 0.00020837783813476562 seconds
04/11/2025 08:31:05 AM base_class.py INFO: Received message: [{'method': 'learning_resources', 'topic': 'Deep Learning', 'specific_resources': ['Courses', 'Books'], 'module_name': 'preprocessing'}]
04/11/2025 08:31:05 AM task_handler.py INFO: Processing 1 tasks
04/11/2025 08:31:05 AM base_class.py INFO: Published result to topic 'task_handler/learning_resources': {'method': 'learning_resources', 'topic': 'Deep Learning', 'specific_resources': ['Courses', 'Books'], 'module_name': 'task_handler'}
04/11/2025 08:31:05 AM base_class.py INFO: Execution time for task_handler: 0.00017333030700683594 seconds
04/11/2025 08:31:12 AM base_class.py INFO: Received message: [{'method': 'learning_resources', 'topic': 'Deep Learning', 'specific_resources': ['Courses', 'Books'], 'module_name': 'preprocessing'}]
04/11/2025 08:31:12 AM task_handler.py INFO: Processing 1 tasks
04/11/2025 08:31:12 AM base_class.py INFO: Published result to topic 'task_handler/learning_resources': {'method': 'learning_resources', 'topic': 'Deep Learning', 'specific_resources': ['Courses', 'Books'], 'module_name': 'task_handler'}
04/11/2025 08:31:12 AM base_class.py INFO: Execution time for task_handler: 0.00023674964904785156 seconds
04/11/2025 08:31:27 AM base_class.py INFO: Received message: {'resources': [{'title': 'Probabilistic Machine Learning', 'url': 'https://www.reddit.com/r/deeplearning/comments/18ij68y/which_book_to_start/', 'type': 'Book'}, {'title': 'Deep Learning with Python', 'url': 'https://www.quora.com/What-are-the-best-books-about-deep-learning', 'type': 'Book'}, {'title': 'A Great Collection of Deep Learning (e)Books', 'url': 'https://github.com/ahkarami/Great-Deep-Learning-Books', 'type': 'Book'}, {'title': 'Deep Learning in Production Book', 'url': 'https://theaisummer.com/deep-learning-books-2022/', 'type': 'Book'}, {'title': 'Learn PyTorch for Deep Learning: Zero to Mastery', 'url': 'https://www.learnpytorch.io/', 'type': 'Course'}, {'title': 'Neural Networks and Deep Learning', 'url': 'http://neuralnetworksanddeeplearning.com/', 'type': 'Book'}, {'title': 'Deep Learning for AI', 'url': 'https://emeritus.org/blog/ai-and-ml-deep-learning-books/', 'type': 'Course'}, {'title': 'Deep Learning by Goodfellow, Bengio, and Courville', 'url': 'https://www.datacamp.com/blog/top-10-deep-learning-books-to-read-in-2022', 'type': 'Book'}, {'title': 'Dive into Deep Learning', 'url': 'https://d2l.ai/', 'type': 'Book'}, {'title': 'The Little Book of Deep Learning', 'url': 'https://fleuret.org/francois/lbdl.html', 'type': 'Book'}, {'title': 'fast.ai', 'url': 'https://course.fast.ai/', 'type': 'Course'}, {'title': 'Deep Learning', 'url': 'https://www.deeplearningbook.org/', 'type': 'Book'}, {'title': "DeepLearning.AI's resource center", 'url': 'https://www.deeplearning.ai/resources/', 'type': 'Course'}, {'title': 'Deep Learning', 'url': 'https://www.bishopbook.com/', 'type': 'Book'}, {'title': 'Deep Learning Crash Course', 'url': 'https://nostarch.com/deep-learning-crash-course', 'type': 'Book'}, {'title': 'Learning Deep Learning: Theory and Practice of Neural Networks, Computer Vision, Natural Language Processing, and Transformers Using TensorFlow', 'url': 'https://www.amazon.com/deep-learning-Books/s?k=deep+learning&rh=n%3A283155', 'type': 'Book'}], 'topic': 'Deep Learning', 'total_resources': 16, 'model_output': 'Successfully gathered learning resources for Deep Learning, including courses and books.  A diverse range of high-quality resources are provided.', 'specific_resources': ['Courses', 'Books'], 'module_name': 'learning_resources'}
04/11/2025 08:31:27 AM task_handler.py INFO: Processing single task
04/11/2025 08:31:27 AM base_class.py INFO: Published result to topic 'main/main': {'results': {'resources': [{'title': 'Probabilistic Machine Learning', 'url': 'https://www.reddit.com/r/deeplearning/comments/18ij68y/which_book_to_start/', 'type': 'Book'}, {'title': 'Deep Learning with Python', 'url': 'https://www.quora.com/What-are-the-best-books-about-deep-learning', 'type': 'Book'}, {'title': 'A Great Collection of Deep Learning (e)Books', 'url': 'https://github.com/ahkarami/Great-Deep-Learning-Books', 'type': 'Book'}, {'title': 'Deep Learning in Production Book', 'url': 'https://theaisummer.com/deep-learning-books-2022/', 'type': 'Book'}, {'title': 'Learn PyTorch for Deep Learning: Zero to Mastery', 'url': 'https://www.learnpytorch.io/', 'type': 'Course'}, {'title': 'Neural Networks and Deep Learning', 'url': 'http://neuralnetworksanddeeplearning.com/', 'type': 'Book'}, {'title': 'Deep Learning for AI', 'url': 'https://emeritus.org/blog/ai-and-ml-deep-learning-books/', 'type': 'Course'}, {'title': 'Deep Learning by Goodfellow, Bengio, and Courville', 'url': 'https://www.datacamp.com/blog/top-10-deep-learning-books-to-read-in-2022', 'type': 'Book'}, {'title': 'Dive into Deep Learning', 'url': 'https://d2l.ai/', 'type': 'Book'}, {'title': 'The Little Book of Deep Learning', 'url': 'https://fleuret.org/francois/lbdl.html', 'type': 'Book'}, {'title': 'fast.ai', 'url': 'https://course.fast.ai/', 'type': 'Course'}, {'title': 'Deep Learning', 'url': 'https://www.deeplearningbook.org/', 'type': 'Book'}, {'title': "DeepLearning.AI's resource center", 'url': 'https://www.deeplearning.ai/resources/', 'type': 'Course'}, {'title': 'Deep Learning', 'url': 'https://www.bishopbook.com/', 'type': 'Book'}, {'title': 'Deep Learning Crash Course', 'url': 'https://nostarch.com/deep-learning-crash-course', 'type': 'Book'}, {'title': 'Learning Deep Learning: Theory and Practice of Neural Networks, Computer Vision, Natural Language Processing, and Transformers Using TensorFlow', 'url': 'https://www.amazon.com/deep-learning-Books/s?k=deep+learning&rh=n%3A283155', 'type': 'Book'}], 'topic': 'Deep Learning', 'total_resources': 16, 'model_output': 'Successfully gathered learning resources for Deep Learning, including courses and books.  A diverse range of high-quality resources are provided.', 'specific_resources': ['Courses', 'Books'], 'module_name': 'learning_resources'}, 'module_name': 'task_handler'}
04/11/2025 08:31:27 AM base_class.py INFO: Execution time for task_handler: 0.00017905235290527344 seconds
04/11/2025 08:34:03 AM base_class.py INFO: Received message: [{'method': 'smart_home', 'switch': ['switch_1'], 'status': ['on'], 'module_name': 'preprocessing'}]
04/11/2025 08:34:03 AM task_handler.py INFO: Processing 1 tasks
04/11/2025 08:34:03 AM base_class.py INFO: Published result to topic 'task_handler/smart_home': {'method': 'smart_home', 'switch': ['switch_1'], 'status': ['on'], 'module_name': 'task_handler'}
04/11/2025 08:34:03 AM base_class.py INFO: Execution time for task_handler: 0.00018358230590820312 seconds
04/11/2025 08:34:03 AM base_class.py INFO: Received message: {'results': [{'switch': 'switch_1', 'status': 'on', 'success': True}], 'module_name': 'smart_home'}
04/11/2025 08:34:03 AM task_handler.py INFO: Processing single task
04/11/2025 08:34:03 AM base_class.py INFO: Published result to topic 'main/main': {'results': {'results': [{'switch': 'switch_1', 'status': 'on', 'success': True}], 'module_name': 'smart_home'}, 'module_name': 'task_handler'}
04/11/2025 08:34:03 AM base_class.py INFO: Execution time for task_handler: 0.0001957416534423828 seconds
04/11/2025 08:36:32 AM base_class.py INFO: Received message: [{'method': 'smart_home', 'switch': ['switch_1'], 'status': ['off'], 'module_name': 'preprocessing'}]
04/11/2025 08:36:32 AM task_handler.py INFO: Processing 1 tasks
04/11/2025 08:36:32 AM base_class.py INFO: Published result to topic 'task_handler/smart_home': {'method': 'smart_home', 'switch': ['switch_1'], 'status': ['off'], 'module_name': 'task_handler'}
04/11/2025 08:36:32 AM base_class.py INFO: Execution time for task_handler: 0.00022101402282714844 seconds
04/11/2025 08:36:32 AM base_class.py INFO: Received message: {'statuses': [], 'module_name': 'smart_home'}
04/11/2025 08:36:32 AM task_handler.py INFO: Processing single task
04/11/2025 08:36:32 AM base_class.py INFO: Published result to topic 'main/main': {'results': {'statuses': [], 'module_name': 'smart_home'}, 'module_name': 'task_handler'}
04/11/2025 08:36:32 AM base_class.py INFO: Execution time for task_handler: 0.00012683868408203125 seconds
04/11/2025 08:37:56 AM base_class.py INFO: Received message: [{'method': 'smart_home', 'switch': ['switch_1'], 'status': ['off'], 'module_name': 'preprocessing'}]
04/11/2025 08:37:56 AM task_handler.py INFO: Processing 1 tasks
04/11/2025 08:37:56 AM base_class.py INFO: Published result to topic 'task_handler/smart_home': {'method': 'smart_home', 'switch': ['switch_1'], 'status': ['off'], 'module_name': 'task_handler'}
04/11/2025 08:37:56 AM base_class.py INFO: Execution time for task_handler: 0.00020265579223632812 seconds
04/11/2025 08:37:56 AM base_class.py INFO: Received message: {'statuses': [], 'module_name': 'smart_home'}
04/11/2025 08:37:56 AM task_handler.py INFO: Processing single task
04/11/2025 08:37:56 AM base_class.py INFO: Published result to topic 'main/main': {'results': {'statuses': [], 'module_name': 'smart_home'}, 'module_name': 'task_handler'}
04/11/2025 08:37:56 AM base_class.py INFO: Execution time for task_handler: 0.00013399124145507812 seconds
04/11/2025 08:38:25 AM base_class.py INFO: Received message: [{'method': 'smart_home', 'switch': ['switch_1'], 'status': ['off'], 'module_name': 'preprocessing'}]
04/11/2025 08:38:25 AM task_handler.py INFO: Processing 1 tasks
04/11/2025 08:38:25 AM base_class.py INFO: Published result to topic 'task_handler/smart_home': {'method': 'smart_home', 'switch': ['switch_1'], 'status': ['off'], 'module_name': 'task_handler'}
04/11/2025 08:38:25 AM base_class.py INFO: Execution time for task_handler: 0.00017333030700683594 seconds
04/11/2025 08:38:26 AM base_class.py INFO: Received message: {'statuses': [{'switch': 'switch_1', 'status': 'off', 'success': True}], 'module_name': 'smart_home'}
04/11/2025 08:38:26 AM task_handler.py INFO: Processing single task
04/11/2025 08:38:26 AM base_class.py INFO: Published result to topic 'main/main': {'results': {'statuses': [{'switch': 'switch_1', 'status': 'off', 'success': True}], 'module_name': 'smart_home'}, 'module_name': 'task_handler'}
04/11/2025 08:38:26 AM base_class.py INFO: Execution time for task_handler: 0.00017690658569335938 seconds
04/11/2025 08:48:10 AM base_class.py INFO: Received message: [{'method': 'general', 'query': "What's the weather like on 2025-04-07?", 'topic': 'general', 'module_name': 'preprocessing'}]
04/11/2025 08:48:10 AM task_handler.py INFO: Processing 1 tasks
04/11/2025 08:48:10 AM base_class.py INFO: Published result to topic 'task_handler/general_questions': {'method': 'general', 'query': "What's the weather like on 2025-04-07?", 'topic': 'general', 'module_name': 'task_handler'}
04/11/2025 08:48:10 AM base_class.py INFO: Execution time for task_handler: 0.0008225440979003906 seconds
04/11/2025 08:48:11 AM base_class.py INFO: Received message: {'error': 'Error in Tavily API: division by zero', 'level': 2, 'module_name': 'general_questions'}
04/11/2025 08:48:11 AM task_handler.py INFO: Processing single task
04/11/2025 08:48:11 AM base_class.py INFO: Published result to topic 'main/main': {'results': {'error': 'Error in Tavily API: division by zero', 'level': 2, 'module_name': 'general_questions'}, 'module_name': 'task_handler'}
04/11/2025 08:48:11 AM base_class.py INFO: Execution time for task_handler: 0.00018358230590820312 seconds
04/11/2025 08:50:19 AM base_class.py INFO: Received message: [{'method': 'todo', 'list_all_tasks': False, 'object_type': 'task', 'action': 'insert', 'new_task_name': 'Schedule doctor appointment', 'due_date': '2025-04-07T23:00:00', 'module_name': 'preprocessing'}]
04/11/2025 08:50:19 AM task_handler.py INFO: Processing 1 tasks
04/11/2025 08:50:19 AM base_class.py INFO: Published result to topic 'task_handler/tasks_api': {'method': 'todo', 'list_all_tasks': False, 'object_type': 'task', 'action': 'insert', 'new_task_name': 'Schedule doctor appointment', 'due_date': '2025-04-07T23:00:00', 'module_name': 'task_handler'}
04/11/2025 08:50:19 AM base_class.py INFO: Execution time for task_handler: 0.000217437744140625 seconds
04/11/2025 08:50:20 AM base_class.py INFO: Received message: {'id': 'c1lLUU8yMS1rVkF6T1k2eA', 'name': 'Schedule Doctor Appointment', 'last_updated': '2025-04-11 08:50:20', 'last_updated_relative': 'Just Now', 'module_name': 'tasks_api'}
04/11/2025 08:50:20 AM task_handler.py INFO: Processing single task
04/11/2025 08:50:20 AM base_class.py INFO: Published result to topic 'main/main': {'results': {'id': 'c1lLUU8yMS1rVkF6T1k2eA', 'name': 'Schedule Doctor Appointment', 'last_updated': '2025-04-11 08:50:20', 'last_updated_relative': 'Just Now', 'module_name': 'tasks_api'}, 'module_name': 'task_handler'}
04/11/2025 08:50:20 AM base_class.py INFO: Execution time for task_handler: 0.00020837783813476562 seconds
04/11/2025 08:51:18 AM base_class.py INFO: Received message: [{'method': 'todo', 'list_all_tasks': False, 'object_type': 'task', 'action': 'insert', 'new_task_name': 'Schedule doctor appointment', 'due_date': '2025-04-07T23:00:00', 'module_name': 'preprocessing'}]
04/11/2025 08:51:18 AM task_handler.py INFO: Processing 1 tasks
04/11/2025 08:51:18 AM base_class.py INFO: Published result to topic 'task_handler/tasks_api': {'method': 'todo', 'list_all_tasks': False, 'object_type': 'task', 'action': 'insert', 'new_task_name': 'Schedule doctor appointment', 'due_date': '2025-04-07T23:00:00', 'module_name': 'task_handler'}
04/11/2025 08:51:18 AM base_class.py INFO: Execution time for task_handler: 0.00026154518127441406 seconds
04/11/2025 08:51:19 AM base_class.py INFO: Received message: {'id': 'ZVBZVGY0RHZpQTVSYlNTVQ', 'name': 'Schedule Doctor Appointment', 'last_updated': '2025-04-11 08:51:19', 'last_updated_relative': 'Just Now', 'module_name': 'tasks_api'}
04/11/2025 08:51:19 AM task_handler.py INFO: Processing single task
04/11/2025 08:51:19 AM base_class.py INFO: Published result to topic 'main/main': {'results': {'id': 'ZVBZVGY0RHZpQTVSYlNTVQ', 'name': 'Schedule Doctor Appointment', 'last_updated': '2025-04-11 08:51:19', 'last_updated_relative': 'Just Now', 'module_name': 'tasks_api'}, 'module_name': 'task_handler'}
04/11/2025 08:51:19 AM base_class.py INFO: Execution time for task_handler: 0.000148773193359375 seconds
04/11/2025 10:04:29 AM base_class.py INFO: task_handler initialized successfully!
04/11/2025 10:04:29 AM base_class.py INFO: Connected to broker!
04/11/2025 10:05:44 AM base_class.py INFO: Received message: {'prompt': "hey robot, what's the weather like today?", 'preprocessed_prompt': [{'method': 'general', 'query': "What's the weather like on 2025-04-11?", 'topic': 'general', 'module_name': 'preprocessing'}], 'module_name': 'main'}
04/11/2025 10:05:44 AM task_handler.py INFO: Processing single task
04/11/2025 10:05:44 AM base_class.py INFO: Published result to topic 'main/main': {'results': {'prompt': "hey robot, what's the weather like today?", 'preprocessed_prompt': [{'method': 'general', 'query': "What's the weather like on 2025-04-11?", 'topic': 'general', 'module_name': 'preprocessing'}], 'module_name': 'main'}, 'module_name': 'task_handler'}
04/11/2025 10:05:44 AM base_class.py INFO: Execution time for task_handler: 0.00020313262939453125 seconds
04/11/2025 10:09:38 AM base_class.py INFO: task_handler initialized successfully!
04/11/2025 10:09:38 AM base_class.py INFO: Connected to broker!
04/11/2025 10:14:10 AM base_class.py INFO: Received message: {'preprocessed_prompt': [{'method': 'general', 'query': "What's the weather like on 2025-04-11?", 'topic': 'general', 'module_name': 'preprocessing'}], 'module_name': 'main'}
04/11/2025 10:14:10 AM task_handler.py INFO: Processing single task
04/11/2025 10:14:10 AM base_class.py INFO: Published result to topic 'main/main': {'results': {'preprocessed_prompt': [{'method': 'general', 'query': "What's the weather like on 2025-04-11?", 'topic': 'general', 'module_name': 'preprocessing'}], 'module_name': 'main'}, 'module_name': 'task_handler'}
04/11/2025 10:14:10 AM base_class.py INFO: Execution time for task_handler: 0.0003895759582519531 seconds
04/11/2025 10:14:49 AM base_class.py INFO: Received message: {'preprocessed_prompt': [{'method': 'general', 'query': "What's the weather like on 2025-04-11?", 'topic': 'general', 'module_name': 'preprocessing'}], 'module_name': 'main'}
04/11/2025 10:14:49 AM task_handler.py INFO: Processing single task
04/11/2025 10:14:49 AM base_class.py INFO: Published result to topic 'main/main': {'results': {'preprocessed_prompt': [{'method': 'general', 'query': "What's the weather like on 2025-04-11?", 'topic': 'general', 'module_name': 'preprocessing'}], 'module_name': 'main'}, 'module_name': 'task_handler'}
04/11/2025 10:14:49 AM base_class.py INFO: Execution time for task_handler: 0.0002906322479248047 seconds
04/11/2025 10:14:59 AM base_class.py INFO: task_handler initialized successfully!
04/11/2025 10:14:59 AM base_class.py INFO: Connected to broker!
04/11/2025 10:15:07 AM base_class.py INFO: Received message: {'preprocessed_prompt': [{'method': 'general', 'query': "What's the weather like on 2025-04-11?", 'topic': 'general', 'module_name': 'preprocessing'}], 'module_name': 'main'}
04/11/2025 10:15:07 AM task_handler.py INFO: Processing single task
04/11/2025 10:15:07 AM base_class.py INFO: Published result to topic 'main/main': {'results': {'preprocessed_prompt': [{'method': 'general', 'query': "What's the weather like on 2025-04-11?", 'topic': 'general', 'module_name': 'preprocessing'}], 'module_name': 'main'}, 'module_name': 'task_handler'}
04/11/2025 10:15:07 AM base_class.py INFO: Execution time for task_handler: 0.0002942085266113281 seconds
04/11/2025 10:15:23 AM base_class.py INFO: task_handler initialized successfully!
04/11/2025 10:15:23 AM base_class.py INFO: Connected to broker!
04/11/2025 10:15:26 AM base_class.py INFO: Received message: {'preprocessed_prompt': [{'method': 'general', 'query': "What's the weather like on 2025-04-11?", 'topic': 'general', 'module_name': 'preprocessing'}], 'module_name': 'main'}
04/11/2025 10:15:26 AM task_handler.py INFO: Processing single task
04/11/2025 10:15:26 AM base_class.py INFO: Published result to topic 'main/main': {'results': {'preprocessed_prompt': [{'method': 'general', 'query': "What's the weather like on 2025-04-11?", 'topic': 'general', 'module_name': 'preprocessing'}], 'module_name': 'main'}, 'module_name': 'task_handler'}
04/11/2025 10:15:26 AM base_class.py INFO: Execution time for task_handler: 0.0002048015594482422 seconds
04/11/2025 10:15:57 AM base_class.py INFO: Received message: {'preprocessed_data': [{'method': 'general', 'query': "What's the weather like on 2025-04-11?", 'topic': 'general', 'module_name': 'preprocessing'}], 'module_name': 'main'}
04/11/2025 10:15:57 AM task_handler.py INFO: Processing 1 tasks
04/11/2025 10:15:57 AM base_class.py INFO: Published result to topic 'task_handler/general_questions': {'method': 'general', 'query': "What's the weather like on 2025-04-11?", 'topic': 'general', 'module_name': 'task_handler'}
04/11/2025 10:15:57 AM base_class.py INFO: Execution time for task_handler: 0.0002040863037109375 seconds
04/11/2025 10:16:01 AM base_class.py INFO: Received message: {'query': "What's the weather like on 2025-04-11?", 'answer': 'On April 11, 2025, the weather in San Jose, CA, is expected to be mostly dry with temperatures around 5C to 8C. The U.S. will have overcast skies with no rain. The global weather in Maguindanao, Filipinas, features light rain showers.', 'topic': 'general', 'module_name': 'general_questions'}
04/11/2025 10:16:01 AM task_handler.py INFO: Processing single task
04/11/2025 10:16:01 AM base_class.py INFO: Published result to topic 'main/main': {'results': {'query': "What's the weather like on 2025-04-11?", 'answer': 'On April 11, 2025, the weather in San Jose, CA, is expected to be mostly dry with temperatures around 5C to 8C. The U.S. will have overcast skies with no rain. The global weather in Maguindanao, Filipinas, features light rain showers.', 'topic': 'general', 'module_name': 'general_questions'}, 'module_name': 'task_handler'}
04/11/2025 10:16:01 AM base_class.py INFO: Execution time for task_handler: 0.0002205371856689453 seconds
04/11/2025 10:16:40 AM base_class.py INFO: task_handler initialized successfully!
04/11/2025 10:16:40 AM base_class.py INFO: Connected to broker!
04/11/2025 10:17:33 AM base_class.py INFO: Received message: {'preprocessed_data': [{'method': 'general', 'query': "What's the weather like on 2025-04-11?", 'topic': 'general', 'module_name': 'preprocessing'}], 'module_name': 'main'}
04/11/2025 10:17:33 AM task_handler.py INFO: Processing 1 tasks
04/11/2025 10:17:33 AM base_class.py INFO: Published result to topic 'task_handler/general_questions': {'method': 'general', 'query': "What's the weather like on 2025-04-11?", 'topic': 'general', 'module_name': 'task_handler'}
04/11/2025 10:17:33 AM base_class.py INFO: Execution time for task_handler: 0.0002086162567138672 seconds
04/11/2025 10:17:35 AM base_class.py INFO: Received message: {'query': "What's the weather like on 2025-04-11?", 'answer': 'On April 11, 2025, the weather in San Jose, CA, is expected to be mostly dry with temperatures around 5C to 8C. The U.S. will have overcast skies with no rain. The global weather in Maguindanao, Filipinas, features light rain showers.', 'topic': 'general', 'module_name': 'general_questions'}
04/11/2025 10:17:35 AM task_handler.py INFO: Processing single task
04/11/2025 10:17:35 AM base_class.py INFO: Published result to topic 'main/main': {'results': {'query': "What's the weather like on 2025-04-11?", 'answer': 'On April 11, 2025, the weather in San Jose, CA, is expected to be mostly dry with temperatures around 5C to 8C. The U.S. will have overcast skies with no rain. The global weather in Maguindanao, Filipinas, features light rain showers.', 'topic': 'general', 'module_name': 'general_questions'}, 'module_name': 'task_handler'}
04/11/2025 10:17:35 AM base_class.py INFO: Execution time for task_handler: 0.0002300739288330078 seconds
04/11/2025 10:20:05 AM base_class.py INFO: Received message: {'preprocessed_data': [{'method': 'general', 'query': "What's the weather like on 2025-04-11?", 'topic': 'general', 'module_name': 'preprocessing'}], 'module_name': 'main'}
04/11/2025 10:20:05 AM task_handler.py INFO: Processing 1 tasks
04/11/2025 10:20:05 AM base_class.py INFO: Published result to topic 'task_handler/general_questions': {'method': 'general', 'query': "What's the weather like on 2025-04-11?", 'topic': 'general', 'module_name': 'task_handler'}
04/11/2025 10:20:05 AM base_class.py INFO: Execution time for task_handler: 0.0001811981201171875 seconds
04/11/2025 10:20:07 AM base_class.py INFO: Received message: {'query': "What's the weather like on 2025-04-11?", 'answer': 'On April 11, 2025, the weather in San Jose, CA, is expected to be mostly dry with temperatures around 5C to 8C. The U.S. will have overcast skies with no rain. The global weather in Maguindanao, Filipinas, features light rain showers.', 'topic': 'general', 'module_name': 'general_questions'}
04/11/2025 10:20:07 AM task_handler.py INFO: Processing single task
04/11/2025 10:20:07 AM base_class.py INFO: Published result to topic 'main/main': {'results': {'query': "What's the weather like on 2025-04-11?", 'answer': 'On April 11, 2025, the weather in San Jose, CA, is expected to be mostly dry with temperatures around 5C to 8C. The U.S. will have overcast skies with no rain. The global weather in Maguindanao, Filipinas, features light rain showers.', 'topic': 'general', 'module_name': 'general_questions'}, 'module_name': 'task_handler'}
04/11/2025 10:20:07 AM base_class.py INFO: Execution time for task_handler: 0.00018358230590820312 seconds
04/11/2025 10:20:46 AM base_class.py INFO: task_handler initialized successfully!
04/11/2025 10:20:46 AM base_class.py INFO: Connected to broker!
04/11/2025 10:20:55 AM base_class.py INFO: Received message: {'preprocessed_data': [{'method': 'general', 'query': "What's the weather like on 2025-04-11 in Cairo, Egypt?", 'topic': 'general', 'module_name': 'preprocessing'}], 'module_name': 'main'}
04/11/2025 10:20:55 AM task_handler.py INFO: Processing 1 tasks
04/11/2025 10:20:55 AM base_class.py INFO: Published result to topic 'task_handler/general_questions': {'method': 'general', 'query': "What's the weather like on 2025-04-11 in Cairo, Egypt?", 'topic': 'general', 'module_name': 'task_handler'}
04/11/2025 10:20:55 AM base_class.py INFO: Execution time for task_handler: 0.00017762184143066406 seconds
04/11/2025 10:20:58 AM base_class.py INFO: Received message: {'query': "What's the weather like on 2025-04-11 in Cairo, Egypt?", 'answer': 'On April 11, 2025, Cairo will have partly cloudy skies with a temperature of 17.3C (63.1F). Winds will come from the WNW at 7.6 mph (12.2 kph). No precipitation is expected.', 'topic': 'general', 'module_name': 'general_questions'}
04/11/2025 10:20:58 AM task_handler.py INFO: Processing single task
04/11/2025 10:20:58 AM base_class.py INFO: Published result to topic 'main/main': {'results': {'query': "What's the weather like on 2025-04-11 in Cairo, Egypt?", 'answer': 'On April 11, 2025, Cairo will have partly cloudy skies with a temperature of 17.3C (63.1F). Winds will come from the WNW at 7.6 mph (12.2 kph). No precipitation is expected.', 'topic': 'general', 'module_name': 'general_questions'}, 'module_name': 'task_handler'}
04/11/2025 10:20:58 AM base_class.py INFO: Execution time for task_handler: 0.0008590221405029297 seconds
04/11/2025 10:33:00 AM base_class.py INFO: Received message: {'preprocessed_data': [{'method': 'general', 'query': "What's the weather like on 2025-04-11 in Cairo, Egypt?", 'topic': 'general', 'module_name': 'preprocessing'}], 'module_name': 'main'}
04/11/2025 10:33:00 AM task_handler.py INFO: Processing 1 tasks
04/11/2025 10:33:00 AM base_class.py INFO: Published result to topic 'task_handler/general_questions': {'method': 'general', 'query': "What's the weather like on 2025-04-11 in Cairo, Egypt?", 'topic': 'general', 'module_name': 'task_handler'}
04/11/2025 10:33:00 AM base_class.py INFO: Execution time for task_handler: 0.00037026405334472656 seconds
04/11/2025 10:33:03 AM base_class.py INFO: Received message: {'query': "What's the weather like on 2025-04-11 in Cairo, Egypt?", 'answer': 'On April 11, 2025, Cairo will have partly cloudy skies with a temperature of 17.3C (63.1F). Winds will come from the WNW at 7.6 mph (12.2 kph). No precipitation is expected.', 'topic': 'general', 'module_name': 'general_questions'}
04/11/2025 10:33:03 AM task_handler.py INFO: Processing single task
04/11/2025 10:33:03 AM base_class.py INFO: Published result to topic 'main/main': {'results': {'query': "What's the weather like on 2025-04-11 in Cairo, Egypt?", 'answer': 'On April 11, 2025, Cairo will have partly cloudy skies with a temperature of 17.3C (63.1F). Winds will come from the WNW at 7.6 mph (12.2 kph). No precipitation is expected.', 'topic': 'general', 'module_name': 'general_questions'}, 'module_name': 'task_handler'}
04/11/2025 10:33:03 AM base_class.py INFO: Execution time for task_handler: 0.00015926361083984375 seconds
04/11/2025 10:34:01 AM base_class.py INFO: Received message: {'preprocessed_data': [{'method': 'general', 'query': "What's the weather like on 2025-04-11 in Cairo, Egypt?", 'topic': 'general', 'module_name': 'preprocessing'}], 'module_name': 'main'}
04/11/2025 10:34:01 AM task_handler.py INFO: Processing 1 tasks
04/11/2025 10:34:01 AM base_class.py INFO: Published result to topic 'task_handler/general_questions': {'method': 'general', 'query': "What's the weather like on 2025-04-11 in Cairo, Egypt?", 'topic': 'general', 'module_name': 'task_handler'}
04/11/2025 10:34:01 AM base_class.py INFO: Execution time for task_handler: 0.00017523765563964844 seconds
04/11/2025 10:34:04 AM base_class.py INFO: Received message: {'query': "What's the weather like on 2025-04-11 in Cairo, Egypt?", 'answer': 'On April 11, 2025, Cairo will have partly cloudy skies with a temperature of 17.3C (63.1F). Winds will come from the WNW at 7.6 mph (12.2 kph). No precipitation is expected.', 'topic': 'general', 'module_name': 'general_questions'}
04/11/2025 10:34:04 AM task_handler.py INFO: Processing single task
04/11/2025 10:34:04 AM base_class.py INFO: Published result to topic 'main/main': {'results': {'query': "What's the weather like on 2025-04-11 in Cairo, Egypt?", 'answer': 'On April 11, 2025, Cairo will have partly cloudy skies with a temperature of 17.3C (63.1F). Winds will come from the WNW at 7.6 mph (12.2 kph). No precipitation is expected.', 'topic': 'general', 'module_name': 'general_questions'}, 'module_name': 'task_handler'}
04/11/2025 10:34:04 AM base_class.py INFO: Execution time for task_handler: 0.00018668174743652344 seconds
