04/11/2025 07:19:17 AM base_class.py INFO: server initialized successfully!
04/11/2025 07:19:18 AM base_class.py INFO: Connected to broker!
04/11/2025 07:25:05 AM base_class.py INFO: server initialized successfully!
04/11/2025 07:25:06 AM base_class.py INFO: Connected to broker!
04/11/2025 07:26:12 AM base_class.py INFO: server initialized successfully!
04/11/2025 07:26:13 AM base_class.py INFO: Connected to broker!
04/11/2025 07:29:03 AM base_class.py INFO: server initialized successfully!
04/11/2025 07:29:04 AM base_class.py INFO: Connected to broker!
04/11/2025 07:29:13 AM base_class.py INFO: server initialized successfully!
04/11/2025 07:29:23 AM websocket_server.py ERROR: WebSocket not connected.
04/11/2025 07:29:45 AM base_class.py INFO: server initialized successfully!
04/11/2025 07:32:04 AM base_class.py INFO: server initialized successfully!
04/11/2025 07:32:05 AM _logging.py INFO: Websocket connected
04/11/2025 07:32:05 AM websocket_server.py INFO: Connected to render server
04/11/2025 07:32:06 AM websocket_server.py INFO: Sent: {'target_robot_id': 'bemo-MK1', 'message': 'Hello from the server!'}
04/11/2025 07:32:17 AM base_class.py INFO: server initialized successfully!
04/11/2025 07:32:18 AM _logging.py INFO: Websocket connected
04/11/2025 07:32:18 AM websocket_server.py INFO: Connected to render server
04/11/2025 07:32:22 AM base_class.py INFO: server initialized successfully!
04/11/2025 07:32:23 AM _logging.py INFO: Websocket connected
04/11/2025 07:32:23 AM websocket_server.py INFO: Connected to render server
04/11/2025 07:32:23 AM base_class.py INFO: Connected to broker!
04/11/2025 07:32:27 AM websocket_server.py INFO: Message received: {"status": "active", "battery": 74, "src_robot_id_": "bemo-MK"}
04/11/2025 07:32:27 AM websocket_server.py INFO: [Thread-2 (process_message)] Publishing message: {"status": "active", "battery": 74, "src_robot_id_": "bemo-MK"}
04/11/2025 07:32:27 AM websocket_server.py INFO: [Thread-2 (process_message)] Data: {'status': 'active', 'battery': 74, 'src_robot_id_': 'bemo-MK'}
04/11/2025 07:32:27 AM base_class.py INFO: Published result to topic 'main/main': {'status': 'active', 'battery': 74, 'src_robot_id_': 'bemo-MK', 'module_name': 'server'}
04/11/2025 07:32:27 AM websocket_server.py INFO: [Thread-2 (process_message)] Published message: {"status": "active", "battery": 74, "src_robot_id_": "bemo-MK"}
04/11/2025 07:32:29 AM websocket_server.py INFO: Message received: {"status": "active", "battery": 74, "src_robot_id_": "bemo-MK"}
04/11/2025 07:32:29 AM websocket_server.py INFO: [Thread-3 (process_message)] Publishing message: {"status": "active", "battery": 74, "src_robot_id_": "bemo-MK"}
04/11/2025 07:32:29 AM websocket_server.py INFO: [Thread-3 (process_message)] Data: {'status': 'active', 'battery': 74, 'src_robot_id_': 'bemo-MK'}
04/11/2025 07:32:29 AM base_class.py INFO: Published result to topic 'main/main': {'status': 'active', 'battery': 74, 'src_robot_id_': 'bemo-MK', 'module_name': 'server'}
04/11/2025 07:32:29 AM websocket_server.py INFO: [Thread-3 (process_message)] Published message: {"status": "active", "battery": 74, "src_robot_id_": "bemo-MK"}
04/11/2025 07:45:23 AM base_class.py INFO: server initialized successfully!
04/11/2025 07:45:23 AM _logging.py INFO: Websocket connected
04/11/2025 07:45:23 AM websocket_server.py INFO: Connected to render server
04/11/2025 07:45:24 AM base_class.py INFO: Connected to broker!
04/11/2025 07:52:56 AM websocket_server.py INFO: Message received: "hey, robot."
04/11/2025 07:52:56 AM websocket_server.py INFO: [Thread-2 (process_message)] Publishing message: "hey, robot."
04/11/2025 07:52:56 AM websocket_server.py INFO: [Thread-2 (process_message)] Data: hey, robot.
04/11/2025 07:53:01 AM websocket_server.py INFO: Message received: "hey, robot."
04/11/2025 07:53:01 AM websocket_server.py INFO: [Thread-3 (process_message)] Publishing message: "hey, robot."
04/11/2025 07:53:01 AM websocket_server.py INFO: [Thread-3 (process_message)] Data: hey, robot.
04/11/2025 07:53:59 AM base_class.py INFO: server initialized successfully!
04/11/2025 07:54:00 AM _logging.py INFO: Websocket connected
04/11/2025 07:54:00 AM websocket_server.py INFO: Connected to render server
04/11/2025 07:54:00 AM base_class.py INFO: Connected to broker!
04/11/2025 07:56:05 AM websocket_server.py INFO: Message received: {"message": "hey robot, what's the weather like today?", "top_label": "curiosity", "top_label_prob": 0.6451504230499268, "second_top_label": "neutral", "second_top_label_prob": 0.32930633425712585, "Third_top_label": "confusion", "Third_top_label_prob": 0.05925249680876732, "module_name": "tec"}
04/11/2025 07:56:05 AM websocket_server.py INFO: [Thread-2 (process_message)] Publishing message: {"message": "hey robot, what's the weather like today?", "top_label": "curiosity", "top_label_prob": 0.6451504230499268, "second_top_label": "neutral", "second_top_label_prob": 0.32930633425712585, "Third_top_label": "confusion", "Third_top_label_prob": 0.05925249680876732, "module_name": "tec"}
04/11/2025 07:56:05 AM websocket_server.py INFO: [Thread-2 (process_message)] Data: {'message': "hey robot, what's the weather like today?", 'top_label': 'curiosity', 'top_label_prob': 0.6451504230499268, 'second_top_label': 'neutral', 'second_top_label_prob': 0.32930633425712585, 'Third_top_label': 'confusion', 'Third_top_label_prob': 0.05925249680876732, 'module_name': 'tec'}
04/11/2025 07:56:05 AM base_class.py INFO: Published result to topic 'main/main': {'message': "hey robot, what's the weather like today?", 'top_label': 'curiosity', 'top_label_prob': 0.6451504230499268, 'second_top_label': 'neutral', 'second_top_label_prob': 0.32930633425712585, 'Third_top_label': 'confusion', 'Third_top_label_prob': 0.05925249680876732, 'module_name': 'server'}
04/11/2025 07:56:05 AM websocket_server.py INFO: [Thread-2 (process_message)] Published message: {"message": "hey robot, what's the weather like today?", "top_label": "curiosity", "top_label_prob": 0.6451504230499268, "second_top_label": "neutral", "second_top_label_prob": 0.32930633425712585, "Third_top_label": "confusion", "Third_top_label_prob": 0.05925249680876732, "module_name": "tec"}
04/11/2025 07:56:10 AM websocket_server.py INFO: Message received: {"message": "hey robot, what's the weather like today?", "top_label": "curiosity", "top_label_prob": 0.6451504230499268, "second_top_label": "neutral", "second_top_label_prob": 0.32930633425712585, "Third_top_label": "confusion", "Third_top_label_prob": 0.05925249680876732, "module_name": "tec"}
04/11/2025 07:56:10 AM websocket_server.py INFO: [Thread-3 (process_message)] Publishing message: {"message": "hey robot, what's the weather like today?", "top_label": "curiosity", "top_label_prob": 0.6451504230499268, "second_top_label": "neutral", "second_top_label_prob": 0.32930633425712585, "Third_top_label": "confusion", "Third_top_label_prob": 0.05925249680876732, "module_name": "tec"}
04/11/2025 07:56:10 AM websocket_server.py INFO: [Thread-3 (process_message)] Data: {'message': "hey robot, what's the weather like today?", 'top_label': 'curiosity', 'top_label_prob': 0.6451504230499268, 'second_top_label': 'neutral', 'second_top_label_prob': 0.32930633425712585, 'Third_top_label': 'confusion', 'Third_top_label_prob': 0.05925249680876732, 'module_name': 'tec'}
04/11/2025 07:56:10 AM base_class.py INFO: Published result to topic 'main/main': {'message': "hey robot, what's the weather like today?", 'top_label': 'curiosity', 'top_label_prob': 0.6451504230499268, 'second_top_label': 'neutral', 'second_top_label_prob': 0.32930633425712585, 'Third_top_label': 'confusion', 'Third_top_label_prob': 0.05925249680876732, 'module_name': 'server'}
04/11/2025 07:56:10 AM websocket_server.py INFO: [Thread-3 (process_message)] Published message: {"message": "hey robot, what's the weather like today?", "top_label": "curiosity", "top_label_prob": 0.6451504230499268, "second_top_label": "neutral", "second_top_label_prob": 0.32930633425712585, "Third_top_label": "confusion", "Third_top_label_prob": 0.05925249680876732, "module_name": "tec"}
04/11/2025 08:09:26 AM websocket_server.py ERROR: Error: Connection to remote host was lost.
04/11/2025 08:09:26 AM _logging.py ERROR: Connection to remote host was lost. - goodbye
04/11/2025 08:09:26 AM websocket_server.py WARNING: Connection closed
04/11/2025 08:09:26 AM websocket_server.py WARNING: Attempting to reconnect (1/5)...
04/11/2025 08:10:03 AM _logging.py INFO: Websocket connected
04/11/2025 08:10:03 AM websocket_server.py INFO: Connected to render server
04/11/2025 08:11:09 AM websocket_server.py INFO: Message received: {"message": "very robot.", "top_label": "neutral", "top_label_prob": 0.7841973900794983, "second_top_label": "admiration", "second_top_label_prob": 0.14568711817264557, "Third_top_label": "approval", "Third_top_label_prob": 0.02784177102148533, "module_name": "tec"}
04/11/2025 08:11:09 AM websocket_server.py INFO: [Thread-5 (process_message)] Publishing message: {"message": "very robot.", "top_label": "neutral", "top_label_prob": 0.7841973900794983, "second_top_label": "admiration", "second_top_label_prob": 0.14568711817264557, "Third_top_label": "approval", "Third_top_label_prob": 0.02784177102148533, "module_name": "tec"}
04/11/2025 08:11:09 AM websocket_server.py INFO: [Thread-5 (process_message)] Data: {'message': 'very robot.', 'top_label': 'neutral', 'top_label_prob': 0.7841973900794983, 'second_top_label': 'admiration', 'second_top_label_prob': 0.14568711817264557, 'Third_top_label': 'approval', 'Third_top_label_prob': 0.02784177102148533, 'module_name': 'tec'}
04/11/2025 08:11:09 AM base_class.py INFO: Published result to topic 'main/main': {'message': 'very robot.', 'top_label': 'neutral', 'top_label_prob': 0.7841973900794983, 'second_top_label': 'admiration', 'second_top_label_prob': 0.14568711817264557, 'Third_top_label': 'approval', 'Third_top_label_prob': 0.02784177102148533, 'module_name': 'server'}
04/11/2025 08:11:09 AM websocket_server.py INFO: [Thread-5 (process_message)] Published message: {"message": "very robot.", "top_label": "neutral", "top_label_prob": 0.7841973900794983, "second_top_label": "admiration", "second_top_label_prob": 0.14568711817264557, "Third_top_label": "approval", "Third_top_label_prob": 0.02784177102148533, "module_name": "tec"}
04/11/2025 08:12:06 AM websocket_server.py INFO: Message received: {"message": "there is my name. there is my name. hey robot.", "top_label": "neutral", "top_label_prob": 0.7095789313316345, "second_top_label": "excitement", "second_top_label_prob": 0.12181404232978821, "Third_top_label": "approval", "Third_top_label_prob": 0.062627412378788, "module_name": "tec"}
04/11/2025 08:12:06 AM websocket_server.py INFO: [Thread-6 (process_message)] Publishing message: {"message": "there is my name. there is my name. hey robot.", "top_label": "neutral", "top_label_prob": 0.7095789313316345, "second_top_label": "excitement", "second_top_label_prob": 0.12181404232978821, "Third_top_label": "approval", "Third_top_label_prob": 0.062627412378788, "module_name": "tec"}
04/11/2025 08:12:06 AM websocket_server.py INFO: [Thread-6 (process_message)] Data: {'message': 'there is my name. there is my name. hey robot.', 'top_label': 'neutral', 'top_label_prob': 0.7095789313316345, 'second_top_label': 'excitement', 'second_top_label_prob': 0.12181404232978821, 'Third_top_label': 'approval', 'Third_top_label_prob': 0.062627412378788, 'module_name': 'tec'}
04/11/2025 08:12:06 AM base_class.py INFO: Published result to topic 'main/main': {'message': 'there is my name. there is my name. hey robot.', 'top_label': 'neutral', 'top_label_prob': 0.7095789313316345, 'second_top_label': 'excitement', 'second_top_label_prob': 0.12181404232978821, 'Third_top_label': 'approval', 'Third_top_label_prob': 0.062627412378788, 'module_name': 'server'}
04/11/2025 08:12:06 AM websocket_server.py INFO: [Thread-6 (process_message)] Published message: {"message": "there is my name. there is my name. hey robot.", "top_label": "neutral", "top_label_prob": 0.7095789313316345, "second_top_label": "excitement", "second_top_label_prob": 0.12181404232978821, "Third_top_label": "approval", "Third_top_label_prob": 0.062627412378788, "module_name": "tec"}
04/11/2025 08:56:44 AM base_class.py INFO: server initialized successfully!
04/11/2025 08:56:45 AM base_class.py INFO: Connected to broker!
04/11/2025 08:57:16 AM _logging.py INFO: Websocket connected
04/11/2025 08:57:16 AM websocket_server.py INFO: Connected to render server
04/11/2025 08:58:57 AM websocket_server.py INFO: Message received: {"status": "active", "battery": 74, "src_robot_id_": "bemo-MK1"}
04/11/2025 08:58:57 AM websocket_server.py INFO: [Thread-2 (process_message)] Publishing message: {"status": "active", "battery": 74, "src_robot_id_": "bemo-MK1"}
04/11/2025 08:58:57 AM websocket_server.py INFO: [Thread-2 (process_message)] Data: {'status': 'active', 'battery': 74, 'src_robot_id_': 'bemo-MK1'}
04/11/2025 08:58:57 AM base_class.py INFO: Published result to topic 'main/main': {'status': 'active', 'battery': 74, 'src_robot_id_': 'bemo-MK1', 'module_name': 'server'}
04/11/2025 08:58:57 AM websocket_server.py INFO: [Thread-2 (process_message)] Published message: {"status": "active", "battery": 74, "src_robot_id_": "bemo-MK1"}
04/11/2025 08:59:18 AM websocket_server.py INFO: Message received: {"status": "active", "battery": 74, "src_robot_id_": "bemo-MK1"}
04/11/2025 08:59:18 AM websocket_server.py INFO: [Thread-3 (process_message)] Publishing message: {"status": "active", "battery": 74, "src_robot_id_": "bemo-MK1"}
04/11/2025 08:59:18 AM websocket_server.py INFO: [Thread-3 (process_message)] Data: {'status': 'active', 'battery': 74, 'src_robot_id_': 'bemo-MK1'}
04/11/2025 08:59:18 AM base_class.py INFO: Published result to topic 'main/main': {'status': 'active', 'battery': 74, 'src_robot_id_': 'bemo-MK1', 'module_name': 'server'}
04/11/2025 08:59:18 AM websocket_server.py INFO: [Thread-3 (process_message)] Published message: {"status": "active", "battery": 74, "src_robot_id_": "bemo-MK1"}
04/11/2025 09:02:12 AM websocket_server.py INFO: Message received: {"status": "active", "battery": 74, "src_robot_id_": "bemo-MK1"}
04/11/2025 09:02:12 AM websocket_server.py INFO: [Thread-4 (process_message)] Publishing message: {"status": "active", "battery": 74, "src_robot_id_": "bemo-MK1"}
04/11/2025 09:02:12 AM websocket_server.py INFO: [Thread-4 (process_message)] Data: {'status': 'active', 'battery': 74, 'src_robot_id_': 'bemo-MK1'}
04/11/2025 09:02:12 AM base_class.py INFO: Published result to topic 'main/main': {'status': 'active', 'battery': 74, 'src_robot_id_': 'bemo-MK1', 'module_name': 'server'}
04/11/2025 09:02:12 AM websocket_server.py INFO: [Thread-4 (process_message)] Published message: {"status": "active", "battery": 74, "src_robot_id_": "bemo-MK1"}
04/11/2025 09:28:48 AM base_class.py INFO: server initialized successfully!
04/11/2025 09:28:49 AM _logging.py INFO: Websocket connected
04/11/2025 09:28:49 AM websocket_server.py INFO: Connected to render server
04/11/2025 09:28:49 AM base_class.py INFO: Connected to broker!
04/11/2025 09:31:48 AM websocket_server.py INFO: Message received: {"message": "hey robot, what's the weather like today?", "top_label": "curiosity", "top_label_prob": 0.6451504230499268, "second_top_label": "neutral", "second_top_label_prob": 0.32930633425712585, "Third_top_label": "confusion", "Third_top_label_prob": 0.05925249680876732, "module_name": "server", "src_robot_id": "bemo-MK1"}
04/11/2025 09:31:48 AM websocket_server.py INFO: [Thread-2 (process_message)] Publishing message: {"message": "hey robot, what's the weather like today?", "top_label": "curiosity", "top_label_prob": 0.6451504230499268, "second_top_label": "neutral", "second_top_label_prob": 0.32930633425712585, "Third_top_label": "confusion", "Third_top_label_prob": 0.05925249680876732, "module_name": "server", "src_robot_id": "bemo-MK1"}
04/11/2025 09:31:48 AM websocket_server.py INFO: [Thread-2 (process_message)] Data: {'message': "hey robot, what's the weather like today?", 'top_label': 'curiosity', 'top_label_prob': 0.6451504230499268, 'second_top_label': 'neutral', 'second_top_label_prob': 0.32930633425712585, 'Third_top_label': 'confusion', 'Third_top_label_prob': 0.05925249680876732, 'module_name': 'server', 'src_robot_id': 'bemo-MK1'}
04/11/2025 09:31:48 AM base_class.py INFO: Published result to topic 'main/main': {'message': "hey robot, what's the weather like today?", 'top_label': 'curiosity', 'top_label_prob': 0.6451504230499268, 'second_top_label': 'neutral', 'second_top_label_prob': 0.32930633425712585, 'Third_top_label': 'confusion', 'Third_top_label_prob': 0.05925249680876732, 'module_name': 'server', 'src_robot_id': 'bemo-MK1'}
04/11/2025 09:31:48 AM websocket_server.py INFO: [Thread-2 (process_message)] Published message: {"message": "hey robot, what's the weather like today?", "top_label": "curiosity", "top_label_prob": 0.6451504230499268, "second_top_label": "neutral", "second_top_label_prob": 0.32930633425712585, "Third_top_label": "confusion", "Third_top_label_prob": 0.05925249680876732, "module_name": "server", "src_robot_id": "bemo-MK1"}
04/11/2025 09:31:48 AM base_class.py INFO: Received message: {'status': 'success', 'message': 'Data processed successfully', 'data': {'message': "hey robot, what's the weather like today?", 'top_label': 'curiosity', 'top_label_prob': 0.6451504230499268, 'second_top_label': 'neutral', 'second_top_label_prob': 0.32930633425712585, 'Third_top_label': 'confusion', 'Third_top_label_prob': 0.05925249680876732, 'module_name': 'server', 'src_robot_id': 'bemo-MK1'}, 'module_name': 'main'}
04/11/2025 09:31:48 AM websocket_server.py INFO: Sent: {'status': 'success', 'message': 'Data processed successfully', 'data': {'message': "hey robot, what's the weather like today?", 'top_label': 'curiosity', 'top_label_prob': 0.6451504230499268, 'second_top_label': 'neutral', 'second_top_label_prob': 0.32930633425712585, 'Third_top_label': 'confusion', 'Third_top_label_prob': 0.05925249680876732, 'module_name': 'server', 'src_robot_id': 'bemo-MK1'}, 'module_name': 'main'}
04/11/2025 09:31:48 AM base_class.py INFO: Execution time for server: 0.0001647472381591797 seconds
04/11/2025 09:34:51 AM base_class.py INFO: server initialized successfully!
04/11/2025 09:34:52 AM base_class.py INFO: Connected to broker!
04/11/2025 09:34:52 AM _logging.py INFO: Websocket connected
04/11/2025 09:34:52 AM websocket_server.py INFO: Connected to render server
04/11/2025 09:35:04 AM websocket_server.py INFO: Message received: {"message": "hey robot, what's the weather like today?", "top_label": "curiosity", "top_label_prob": 0.6451504230499268, "second_top_label": "neutral", "second_top_label_prob": 0.32930633425712585, "Third_top_label": "confusion", "Third_top_label_prob": 0.05925249680876732, "module_name": "server", "src_robot_id": "bemo-MK1"}
04/11/2025 09:35:04 AM websocket_server.py INFO: [Thread-2 (process_message)] Publishing message: {"message": "hey robot, what's the weather like today?", "top_label": "curiosity", "top_label_prob": 0.6451504230499268, "second_top_label": "neutral", "second_top_label_prob": 0.32930633425712585, "Third_top_label": "confusion", "Third_top_label_prob": 0.05925249680876732, "module_name": "server", "src_robot_id": "bemo-MK1"}
04/11/2025 09:35:04 AM websocket_server.py INFO: [Thread-2 (process_message)] Data: {'message': "hey robot, what's the weather like today?", 'top_label': 'curiosity', 'top_label_prob': 0.6451504230499268, 'second_top_label': 'neutral', 'second_top_label_prob': 0.32930633425712585, 'Third_top_label': 'confusion', 'Third_top_label_prob': 0.05925249680876732, 'module_name': 'server', 'src_robot_id': 'bemo-MK1'}
04/11/2025 09:35:04 AM base_class.py INFO: Published result to topic 'main/main': {'message': "hey robot, what's the weather like today?", 'top_label': 'curiosity', 'top_label_prob': 0.6451504230499268, 'second_top_label': 'neutral', 'second_top_label_prob': 0.32930633425712585, 'Third_top_label': 'confusion', 'Third_top_label_prob': 0.05925249680876732, 'module_name': 'server', 'src_robot_id': 'bemo-MK1'}
04/11/2025 09:35:04 AM websocket_server.py INFO: [Thread-2 (process_message)] Published message: {"message": "hey robot, what's the weather like today?", "top_label": "curiosity", "top_label_prob": 0.6451504230499268, "second_top_label": "neutral", "second_top_label_prob": 0.32930633425712585, "Third_top_label": "confusion", "Third_top_label_prob": 0.05925249680876732, "module_name": "server", "src_robot_id": "bemo-MK1"}
04/11/2025 09:35:04 AM base_class.py INFO: Received message: {'status': 'success', 'message': 'Data processed successfully', 'data': {'message': "hey robot, what's the weather like today?", 'top_label': 'curiosity', 'top_label_prob': 0.6451504230499268, 'second_top_label': 'neutral', 'second_top_label_prob': 0.32930633425712585, 'Third_top_label': 'confusion', 'Third_top_label_prob': 0.05925249680876732, 'module_name': 'server', 'src_robot_id': 'bemo-MK1'}, 'target_robot_id': 'bemo-MK1', 'module_name': 'main'}
04/11/2025 09:35:04 AM websocket_server.py INFO: Sent: {'status': 'success', 'message': 'Data processed successfully', 'data': {'message': "hey robot, what's the weather like today?", 'top_label': 'curiosity', 'top_label_prob': 0.6451504230499268, 'second_top_label': 'neutral', 'second_top_label_prob': 0.32930633425712585, 'Third_top_label': 'confusion', 'Third_top_label_prob': 0.05925249680876732, 'module_name': 'server', 'src_robot_id': 'bemo-MK1'}, 'target_robot_id': 'bemo-MK1', 'module_name': 'main'}
04/11/2025 09:35:04 AM base_class.py INFO: Execution time for server: 0.0002474784851074219 seconds
04/11/2025 09:35:51 AM base_class.py INFO: server initialized successfully!
04/11/2025 09:35:52 AM _logging.py INFO: Websocket connected
04/11/2025 09:35:52 AM websocket_server.py INFO: Connected to render server
04/11/2025 09:35:52 AM base_class.py INFO: Connected to broker!
04/11/2025 09:36:44 AM base_class.py INFO: server initialized successfully!
04/11/2025 09:36:44 AM _logging.py INFO: Websocket connected
04/11/2025 09:36:44 AM websocket_server.py INFO: Connected to render server
04/11/2025 09:36:45 AM base_class.py INFO: Connected to broker!
04/11/2025 09:37:02 AM websocket_server.py INFO: Message received: {"message": "hey robot, what's the weather like today?", "top_label": "curiosity", "top_label_prob": 0.6451504230499268, "second_top_label": "neutral", "second_top_label_prob": 0.32930633425712585, "Third_top_label": "confusion", "Third_top_label_prob": 0.05925249680876732, "module_name": "server", "src_robot_id": "bemo-MK1"}
04/11/2025 09:37:02 AM websocket_server.py INFO: [Thread-2 (process_message)] Publishing message: {"message": "hey robot, what's the weather like today?", "top_label": "curiosity", "top_label_prob": 0.6451504230499268, "second_top_label": "neutral", "second_top_label_prob": 0.32930633425712585, "Third_top_label": "confusion", "Third_top_label_prob": 0.05925249680876732, "module_name": "server", "src_robot_id": "bemo-MK1"}
04/11/2025 09:37:02 AM websocket_server.py INFO: [Thread-2 (process_message)] Data: {'message': "hey robot, what's the weather like today?", 'top_label': 'curiosity', 'top_label_prob': 0.6451504230499268, 'second_top_label': 'neutral', 'second_top_label_prob': 0.32930633425712585, 'Third_top_label': 'confusion', 'Third_top_label_prob': 0.05925249680876732, 'module_name': 'server', 'src_robot_id': 'bemo-MK1'}
04/11/2025 09:37:02 AM base_class.py INFO: Published result to topic 'main/main': {'message': "hey robot, what's the weather like today?", 'top_label': 'curiosity', 'top_label_prob': 0.6451504230499268, 'second_top_label': 'neutral', 'second_top_label_prob': 0.32930633425712585, 'Third_top_label': 'confusion', 'Third_top_label_prob': 0.05925249680876732, 'module_name': 'server', 'src_robot_id': 'bemo-MK1'}
04/11/2025 09:37:02 AM websocket_server.py INFO: [Thread-2 (process_message)] Published message: {"message": "hey robot, what's the weather like today?", "top_label": "curiosity", "top_label_prob": 0.6451504230499268, "second_top_label": "neutral", "second_top_label_prob": 0.32930633425712585, "Third_top_label": "confusion", "Third_top_label_prob": 0.05925249680876732, "module_name": "server", "src_robot_id": "bemo-MK1"}
04/11/2025 09:37:02 AM base_class.py INFO: Received message: {'status': 'success', 'message': 'Data processed successfully', 'data': {'message': "hey robot, what's the weather like today?", 'top_label': 'curiosity', 'top_label_prob': 0.6451504230499268, 'second_top_label': 'neutral', 'second_top_label_prob': 0.32930633425712585, 'Third_top_label': 'confusion', 'Third_top_label_prob': 0.05925249680876732, 'module_name': 'server', 'src_robot_id': 'bemo-MK1'}, 'target_robot_id': 'bemo-MK1', 'module_name': 'main'}
04/11/2025 09:37:02 AM websocket_server.py INFO: Sent: {'status': 'success', 'message': 'Data processed successfully', 'data': {'message': "hey robot, what's the weather like today?", 'top_label': 'curiosity', 'top_label_prob': 0.6451504230499268, 'second_top_label': 'neutral', 'second_top_label_prob': 0.32930633425712585, 'Third_top_label': 'confusion', 'Third_top_label_prob': 0.05925249680876732, 'module_name': 'server', 'src_robot_id': 'bemo-MK1'}, 'target_robot_id': 'bemo-MK1', 'module_name': 'main'}
04/11/2025 09:37:02 AM base_class.py INFO: Execution time for server: 0.00018978118896484375 seconds
04/11/2025 09:37:33 AM websocket_server.py INFO: Message received: {"message": "hey robot, what's the weather like today?", "top_label": "curiosity", "top_label_prob": 0.6451504230499268, "second_top_label": "neutral", "second_top_label_prob": 0.32930633425712585, "Third_top_label": "confusion", "Third_top_label_prob": 0.05925249680876732, "module_name": "server", "src_robot_id": "bemo-MK1"}
04/11/2025 09:37:33 AM websocket_server.py INFO: [Thread-3 (process_message)] Publishing message: {"message": "hey robot, what's the weather like today?", "top_label": "curiosity", "top_label_prob": 0.6451504230499268, "second_top_label": "neutral", "second_top_label_prob": 0.32930633425712585, "Third_top_label": "confusion", "Third_top_label_prob": 0.05925249680876732, "module_name": "server", "src_robot_id": "bemo-MK1"}
04/11/2025 09:37:33 AM websocket_server.py INFO: [Thread-3 (process_message)] Data: {'message': "hey robot, what's the weather like today?", 'top_label': 'curiosity', 'top_label_prob': 0.6451504230499268, 'second_top_label': 'neutral', 'second_top_label_prob': 0.32930633425712585, 'Third_top_label': 'confusion', 'Third_top_label_prob': 0.05925249680876732, 'module_name': 'server', 'src_robot_id': 'bemo-MK1'}
04/11/2025 09:37:33 AM base_class.py INFO: Published result to topic 'main/main': {'message': "hey robot, what's the weather like today?", 'top_label': 'curiosity', 'top_label_prob': 0.6451504230499268, 'second_top_label': 'neutral', 'second_top_label_prob': 0.32930633425712585, 'Third_top_label': 'confusion', 'Third_top_label_prob': 0.05925249680876732, 'module_name': 'server', 'src_robot_id': 'bemo-MK1'}
04/11/2025 09:37:33 AM websocket_server.py INFO: [Thread-3 (process_message)] Published message: {"message": "hey robot, what's the weather like today?", "top_label": "curiosity", "top_label_prob": 0.6451504230499268, "second_top_label": "neutral", "second_top_label_prob": 0.32930633425712585, "Third_top_label": "confusion", "Third_top_label_prob": 0.05925249680876732, "module_name": "server", "src_robot_id": "bemo-MK1"}
04/11/2025 09:37:33 AM base_class.py INFO: Received message: {'status': 'success', 'message': 'Data processed successfully', 'data': {'message': "hey robot, what's the weather like today?", 'top_label': 'curiosity', 'top_label_prob': 0.6451504230499268, 'second_top_label': 'neutral', 'second_top_label_prob': 0.32930633425712585, 'Third_top_label': 'confusion', 'Third_top_label_prob': 0.05925249680876732, 'module_name': 'server', 'src_robot_id': 'bemo-MK1'}, 'target_robot_id': 'bemo-MK1', 'module_name': 'main'}
04/11/2025 09:37:33 AM websocket_server.py INFO: Sent: {'status': 'success', 'message': 'Data processed successfully', 'data': {'message': "hey robot, what's the weather like today?", 'top_label': 'curiosity', 'top_label_prob': 0.6451504230499268, 'second_top_label': 'neutral', 'second_top_label_prob': 0.32930633425712585, 'Third_top_label': 'confusion', 'Third_top_label_prob': 0.05925249680876732, 'module_name': 'server', 'src_robot_id': 'bemo-MK1'}, 'target_robot_id': 'bemo-MK1', 'module_name': 'main'}
04/11/2025 09:37:33 AM base_class.py INFO: Execution time for server: 0.00023984909057617188 seconds
04/11/2025 09:37:42 AM websocket_server.py INFO: Message received: {"message": "hey robot, what's the weather like today?", "top_label": "curiosity", "top_label_prob": 0.6451504230499268, "second_top_label": "neutral", "second_top_label_prob": 0.32930633425712585, "Third_top_label": "confusion", "Third_top_label_prob": 0.05925249680876732, "module_name": "server", "src_robot_id": "bemo-MK1"}
04/11/2025 09:37:42 AM websocket_server.py INFO: [Thread-4 (process_message)] Publishing message: {"message": "hey robot, what's the weather like today?", "top_label": "curiosity", "top_label_prob": 0.6451504230499268, "second_top_label": "neutral", "second_top_label_prob": 0.32930633425712585, "Third_top_label": "confusion", "Third_top_label_prob": 0.05925249680876732, "module_name": "server", "src_robot_id": "bemo-MK1"}
04/11/2025 09:37:42 AM websocket_server.py INFO: [Thread-4 (process_message)] Data: {'message': "hey robot, what's the weather like today?", 'top_label': 'curiosity', 'top_label_prob': 0.6451504230499268, 'second_top_label': 'neutral', 'second_top_label_prob': 0.32930633425712585, 'Third_top_label': 'confusion', 'Third_top_label_prob': 0.05925249680876732, 'module_name': 'server', 'src_robot_id': 'bemo-MK1'}
04/11/2025 09:37:42 AM base_class.py INFO: Published result to topic 'main/main': {'message': "hey robot, what's the weather like today?", 'top_label': 'curiosity', 'top_label_prob': 0.6451504230499268, 'second_top_label': 'neutral', 'second_top_label_prob': 0.32930633425712585, 'Third_top_label': 'confusion', 'Third_top_label_prob': 0.05925249680876732, 'module_name': 'server', 'src_robot_id': 'bemo-MK1'}
04/11/2025 09:37:42 AM websocket_server.py INFO: [Thread-4 (process_message)] Published message: {"message": "hey robot, what's the weather like today?", "top_label": "curiosity", "top_label_prob": 0.6451504230499268, "second_top_label": "neutral", "second_top_label_prob": 0.32930633425712585, "Third_top_label": "confusion", "Third_top_label_prob": 0.05925249680876732, "module_name": "server", "src_robot_id": "bemo-MK1"}
04/11/2025 09:37:42 AM base_class.py INFO: Received message: {'status': 'success', 'message': 'Data processed successfully', 'data': {'message': "hey robot, what's the weather like today?", 'top_label': 'curiosity', 'top_label_prob': 0.6451504230499268, 'second_top_label': 'neutral', 'second_top_label_prob': 0.32930633425712585, 'Third_top_label': 'confusion', 'Third_top_label_prob': 0.05925249680876732, 'module_name': 'server', 'src_robot_id': 'bemo-MK1'}, 'target_robot_id': 'bemo-MK1', 'module_name': 'main'}
04/11/2025 09:37:42 AM websocket_server.py INFO: Sent: {'status': 'success', 'message': 'Data processed successfully', 'data': {'message': "hey robot, what's the weather like today?", 'top_label': 'curiosity', 'top_label_prob': 0.6451504230499268, 'second_top_label': 'neutral', 'second_top_label_prob': 0.32930633425712585, 'Third_top_label': 'confusion', 'Third_top_label_prob': 0.05925249680876732, 'module_name': 'server', 'src_robot_id': 'bemo-MK1'}, 'target_robot_id': 'bemo-MK1', 'module_name': 'main'}
04/11/2025 09:37:42 AM base_class.py INFO: Execution time for server: 0.0002624988555908203 seconds
04/11/2025 10:25:37 AM base_class.py INFO: server initialized successfully!
04/11/2025 10:25:55 AM base_class.py INFO: server initialized successfully!
04/11/2025 10:25:56 AM base_class.py INFO: Connected to broker!
04/11/2025 10:26:27 AM _logging.py INFO: Websocket connected
04/11/2025 10:26:27 AM websocket_server.py INFO: Connected to render server
04/11/2025 10:31:30 AM websocket_server.py ERROR: Error: Connection to remote host was lost.
04/11/2025 10:31:30 AM _logging.py ERROR: Connection to remote host was lost. - goodbye
04/11/2025 10:31:30 AM websocket_server.py WARNING: Connection closed
04/11/2025 10:31:30 AM websocket_server.py WARNING: Attempting to reconnect (1/5)...
04/11/2025 10:31:35 AM websocket_server.py ERROR: Error: Handshake status 500 Internal Server Error -+-+- {'date': 'Fri, 11 Apr 2025 08:31:36 GMT', 'content-type': 'text/plain; charset=utf-8', 'transfer-encoding': 'chunked', 'connection': 'keep-alive', 'vary': 'Accept-Encoding', 'x-content-type-options': 'nosniff', 'cf-cache-status': 'DYNAMIC', 'server': 'cloudflare', 'cf-ray': '92e920e6df331d81-MRS', 'alt-svc': 'h3=":443"; ma=86400'} -+-+- None
04/11/2025 10:31:35 AM _logging.py ERROR: Handshake status 500 Internal Server Error -+-+- {'date': 'Fri, 11 Apr 2025 08:31:36 GMT', 'content-type': 'text/plain; charset=utf-8', 'transfer-encoding': 'chunked', 'connection': 'keep-alive', 'vary': 'Accept-Encoding', 'x-content-type-options': 'nosniff', 'cf-cache-status': 'DYNAMIC', 'server': 'cloudflare', 'cf-ray': '92e920e6df331d81-MRS', 'alt-svc': 'h3=":443"; ma=86400'} -+-+- None - goodbye
04/11/2025 10:31:35 AM websocket_server.py WARNING: Connection closed
04/11/2025 10:31:35 AM websocket_server.py WARNING: Attempting to reconnect (2/5)...
04/11/2025 10:31:41 AM _logging.py INFO: Websocket connected
04/11/2025 10:31:41 AM websocket_server.py INFO: Connected to render server
04/11/2025 10:32:45 AM base_class.py INFO: server initialized successfully!
04/11/2025 10:32:46 AM _logging.py INFO: Websocket connected
04/11/2025 10:32:46 AM websocket_server.py INFO: Connected to render server
04/11/2025 10:32:46 AM base_class.py INFO: Connected to broker!
04/11/2025 10:32:59 AM websocket_server.py INFO: Message received: {"message": "hey robot, what's the weather like today?", "top_label": "curiosity", "top_label_prob": 0.6451504230499268, "second_top_label": "neutral", "second_top_label_prob": 0.32930633425712585, "Third_top_label": "confusion", "Third_top_label_prob": 0.05925249680876732, "module_name": "server", "src_robot_id": "bemo-MK1"}
04/11/2025 10:32:59 AM websocket_server.py INFO: [Thread-2 (process_message)] Publishing message: {"message": "hey robot, what's the weather like today?", "top_label": "curiosity", "top_label_prob": 0.6451504230499268, "second_top_label": "neutral", "second_top_label_prob": 0.32930633425712585, "Third_top_label": "confusion", "Third_top_label_prob": 0.05925249680876732, "module_name": "server", "src_robot_id": "bemo-MK1"}
04/11/2025 10:32:59 AM websocket_server.py INFO: [Thread-2 (process_message)] Data: {'message': "hey robot, what's the weather like today?", 'top_label': 'curiosity', 'top_label_prob': 0.6451504230499268, 'second_top_label': 'neutral', 'second_top_label_prob': 0.32930633425712585, 'Third_top_label': 'confusion', 'Third_top_label_prob': 0.05925249680876732, 'module_name': 'server', 'src_robot_id': 'bemo-MK1'}
04/11/2025 10:32:59 AM base_class.py INFO: Published result to topic 'main/main': {'message': "hey robot, what's the weather like today?", 'top_label': 'curiosity', 'top_label_prob': 0.6451504230499268, 'second_top_label': 'neutral', 'second_top_label_prob': 0.32930633425712585, 'Third_top_label': 'confusion', 'Third_top_label_prob': 0.05925249680876732, 'module_name': 'server', 'src_robot_id': 'bemo-MK1'}
04/11/2025 10:32:59 AM websocket_server.py INFO: [Thread-2 (process_message)] Published message: {"message": "hey robot, what's the weather like today?", "top_label": "curiosity", "top_label_prob": 0.6451504230499268, "second_top_label": "neutral", "second_top_label_prob": 0.32930633425712585, "Third_top_label": "confusion", "Third_top_label_prob": 0.05925249680876732, "module_name": "server", "src_robot_id": "bemo-MK1"}
04/11/2025 10:34:01 AM websocket_server.py INFO: Message received: {"message": "hey robot, what's the weather like today?", "top_label": "curiosity", "top_label_prob": 0.6451504230499268, "second_top_label": "neutral", "second_top_label_prob": 0.32930633425712585, "Third_top_label": "confusion", "Third_top_label_prob": 0.05925249680876732, "module_name": "server", "src_robot_id": "bemo-MK1"}
04/11/2025 10:34:01 AM websocket_server.py INFO: [Thread-3 (process_message)] Publishing message: {"message": "hey robot, what's the weather like today?", "top_label": "curiosity", "top_label_prob": 0.6451504230499268, "second_top_label": "neutral", "second_top_label_prob": 0.32930633425712585, "Third_top_label": "confusion", "Third_top_label_prob": 0.05925249680876732, "module_name": "server", "src_robot_id": "bemo-MK1"}
04/11/2025 10:34:01 AM websocket_server.py INFO: [Thread-3 (process_message)] Data: {'message': "hey robot, what's the weather like today?", 'top_label': 'curiosity', 'top_label_prob': 0.6451504230499268, 'second_top_label': 'neutral', 'second_top_label_prob': 0.32930633425712585, 'Third_top_label': 'confusion', 'Third_top_label_prob': 0.05925249680876732, 'module_name': 'server', 'src_robot_id': 'bemo-MK1'}
04/11/2025 10:34:01 AM base_class.py INFO: Published result to topic 'main/main': {'message': "hey robot, what's the weather like today?", 'top_label': 'curiosity', 'top_label_prob': 0.6451504230499268, 'second_top_label': 'neutral', 'second_top_label_prob': 0.32930633425712585, 'Third_top_label': 'confusion', 'Third_top_label_prob': 0.05925249680876732, 'module_name': 'server', 'src_robot_id': 'bemo-MK1'}
04/11/2025 10:34:01 AM websocket_server.py INFO: [Thread-3 (process_message)] Published message: {"message": "hey robot, what's the weather like today?", "top_label": "curiosity", "top_label_prob": 0.6451504230499268, "second_top_label": "neutral", "second_top_label_prob": 0.32930633425712585, "Third_top_label": "confusion", "Third_top_label_prob": 0.05925249680876732, "module_name": "server", "src_robot_id": "bemo-MK1"}
04/11/2025 10:45:02 AM base_class.py INFO: server initialized successfully!
04/11/2025 10:45:03 AM _logging.py INFO: Websocket connected
04/11/2025 10:45:03 AM websocket_server.py INFO: Connected to render server
04/11/2025 10:45:03 AM websocket_server.py WARNING: Connection closed
04/11/2025 10:45:03 AM websocket_server.py WARNING: Attempting to reconnect (1/5)...
04/11/2025 10:45:03 AM base_class.py INFO: Connected to broker!
04/11/2025 10:45:04 AM base_class.py INFO: Connected to broker!
04/11/2025 10:45:06 AM base_class.py INFO: Connected to broker!
04/11/2025 10:45:08 AM base_class.py INFO: Connected to broker!
04/11/2025 10:45:09 AM _logging.py INFO: Websocket connected
04/11/2025 10:45:09 AM websocket_server.py INFO: Connected to render server
04/11/2025 10:45:09 AM websocket_server.py WARNING: Connection closed
04/11/2025 10:45:09 AM websocket_server.py WARNING: Attempting to reconnect (2/5)...
04/11/2025 10:45:10 AM base_class.py INFO: Connected to broker!
04/11/2025 10:45:12 AM base_class.py INFO: Connected to broker!
04/11/2025 10:45:14 AM base_class.py INFO: Connected to broker!
04/11/2025 10:45:14 AM _logging.py INFO: Websocket connected
04/11/2025 10:45:14 AM websocket_server.py INFO: Connected to render server
04/11/2025 10:45:14 AM websocket_server.py WARNING: Connection closed
04/11/2025 10:45:14 AM websocket_server.py WARNING: Attempting to reconnect (3/5)...
04/11/2025 10:45:16 AM base_class.py INFO: Connected to broker!
04/11/2025 10:45:18 AM base_class.py INFO: Connected to broker!
